<?xml version="1.0" encoding="UTF-8"?>
<testsuites name="Mocha Tests" time="0" tests="1" failures="0">
  <testsuite name="Root Suite" timestamp="2019-05-02T07:30:25" tests="0" failures="0" time="0">
  </testsuite>
  <testsuite name="Array" timestamp="2019-05-02T07:30:25" tests="0" file="D:\hello-ci-workflow\test\test.js" failures="0" time="0">
  </testsuite>
  <testsuite name="#indexOf" timestamp="2019-05-02T07:30:25" tests="1" file="D:\hello-ci-workflow\test\test.js" failures="0" time="0">
    <testcase name="Array #indexOf Should return -1 when the value is not present" time="0" classname="Should return -1 when the value is not present">
    </testcase>
  </testsuite>
</testsuites>